
> backend@1.0.0 test
> node --experimental-vm-modules node_modules/jest/bin/jest.js --coverage

  console.log
    [dotenv@17.2.3] injecting env (5) from ..\.env -- tip: 馃攼 prevent building .env in docker: https://dotenvx.com/prebuild

      at _log (node_modules/dotenv/lib/main.js:142:11)

  console.log
    [dotenv@17.2.3] injecting env (0) from ..\.env -- tip: 鈿欙笍  override existing env vars with { override: true }

      at _log (node_modules/dotenv/lib/main.js:142:11)

npm : (node:7932) ExperimentalWarning: VM Modules is an experimental feature and might change at any time
所在位置 C:\Users\25448\AppData\Local\Temp\ps-script-ac3f2e9e-0c21-4600-beb6-ca775d0b0331.ps1:118 字符: 1
+ npm test 2>&1 > test_output.txt; Get-Content test_output.txt | Select ...
+ ~~~~~~~~~~~~~~~~~~~~~~~~~~~~~~~
    + CategoryInfo          : NotSpecified: ((node:7932) Exp...nge at any time:String) [], RemoteException
    + FullyQualifiedErrorId : NativeCommandError
 
(Use `node --trace-warnings ...` to show where the warning was created)
  console.error
    鍒涘缓鎻愮ず璇嶅け璐? SqliteError { code: 'SQLITE_CONSTRAINT_UNIQUE' }

      84 |       res.status(201).json({ id, message: 'Prompt created successfully' });
      85 |     } catch (error) {
    > 86 |       console.error('鍒涘缓鎻愮ず璇嶅け璐?', error);
         |               ^
      87 |       res.status(500).json({ error: error.message });
      88 |     }
      89 |   },

      at error (controllers/promptController.js:86:15)
      at Layer.handleRequest (node_modules/router/lib/layer.js:152:17)
      at next (node_modules/router/lib/route.js:157:13)
      at Route.dispatch (node_modules/router/lib/route.js:117:3)
      at handle (node_modules/router/index.js:435:11)
      at Layer.handleRequest (node_modules/router/lib/layer.js:152:17)
      at node_modules/router/index.js:295:15
      at processParams (node_modules/router/index.js:582:12)
      at next (node_modules/router/index.js:291:5)
      at Function.handle (node_modules/router/index.js:186:3)
      at router (node_modules/router/index.js:60:12)
      at Layer.handleRequest (node_modules/router/lib/layer.js:152:17)
      at trimPrefix (node_modules/router/index.js:342:13)
      at node_modules/router/index.js:297:9
      at processParams (node_modules/router/index.js:582:12)
      at next (node_modules/router/index.js:291:5)
      at node_modules/body-parser/lib/read.js:132:5
      at invokeCallback (node_modules/raw-body/index.js:238:16)
      at done (node_modules/raw-body/index.js:227:7)
      at IncomingMessage.onEnd (node_modules/raw-body/index.js:287:7)

  console.error
    鏇存柊鎻愮ず璇嶅け璐? SqliteError { code: 'SQLITE_CONSTRAINT_UNIQUE' }

      107 |       res.json({ message: 'Prompt updated successfully' });
      108 |     } catch (error) {
    > 109 |       console.error('鏇存柊鎻愮ず璇嶅け璐?', error);
          |               ^
      110 |       res.status(500).json({ error: error.message });
      111 |     }
      112 |   },

      at error (controllers/promptController.js:109:15)
      at Layer.handleRequest (node_modules/router/lib/layer.js:152:17)
      at next (node_modules/router/lib/route.js:157:13)
      at Route.dispatch (node_modules/router/lib/route.js:117:3)
      at handle (node_modules/router/index.js:435:11)
      at Layer.handleRequest (node_modules/router/lib/layer.js:152:17)
      at node_modules/router/index.js:295:15
      at param (node_modules/router/index.js:600:14)
      at param (node_modules/router/index.js:610:14)
      at processParams (node_modules/router/index.js:664:3)
      at next (node_modules/router/index.js:291:5)
      at Function.handle (node_modules/router/index.js:186:3)
      at router (node_modules/router/index.js:60:12)
      at Layer.handleRequest (node_modules/router/lib/layer.js:152:17)
      at trimPrefix (node_modules/router/index.js:342:13)
      at node_modules/router/index.js:297:9
      at processParams (node_modules/router/index.js:582:12)
      at next (node_modules/router/index.js:291:5)
      at node_modules/body-parser/lib/read.js:132:5
      at invokeCallback (node_modules/raw-body/index.js:238:16)
      at done (node_modules/raw-body/index.js:227:7)
      at IncomingMessage.onEnd (node_modules/raw-body/index.js:287:7)

FAIL tests/promptAPI.test.js
  Prompt Management API
    脳 GET /api/admin/prompts 搴旇杩斿洖鎵€鏈夋彁绀鸿瘝 (16 ms)
    脳 GET /api/admin/prompts/:id 搴旇杩斿洖鍗曚釜鎻愮ず璇?(2 ms)
    脳 POST /api/admin/prompts 搴旇鍒涘缓鏂版彁绀鸿瘝 (57 ms)
    脳 PUT /api/admin/prompts/:id 搴旇鏇存柊鎻愮ず璇?(74 ms)
    脳 PUT /api/admin/prompts/:id/activate 搴旇璁剧疆婵€娲荤増鏈?(1 ms)
    鈭?DELETE /api/admin/prompts/:id 搴旇鍒犻櫎鎻愮ず璇?(35 ms)

  鈼?Prompt Management API 鈥?GET /api/admin/prompts 搴旇杩斿洖鎵€鏈夋彁绀鸿瘝

    SqliteError: UNIQUE constraint failed: prompts.name, prompts.version

      13 |     `);
      14 |
    > 15 |     const result = stmt.run(
         |                         ^
      16 |       data.name,
      17 |       data.version,
      18 |       data.tag,

      at Object.run [as create] (models/Prompt.js:15:25)
      at Object.<anonymous> (tests/promptAPI.test.js:24:12)

  鈼?Prompt Management API 鈥?GET /api/admin/prompts/:id 搴旇杩斿洖鍗曚釜鎻愮ず璇?
    SqliteError: UNIQUE constraint failed: prompts.name, prompts.version

      13 |     `);
      14 |
    > 15 |     const result = stmt.run(
         |                         ^
      16 |       data.name,
      17 |       data.version,
      18 |       data.tag,

      at Object.run [as create] (models/Prompt.js:15:25)
      at Object.<anonymous> (tests/promptAPI.test.js:40:23)

  鈼?Prompt Management API 鈥?POST /api/admin/prompts 搴旇鍒涘缓鏂版彁绀鸿瘝

    expect(received).toBe(expected) // Object.is equality

    Expected: 201
    Received: 500

      65 |       });
      66 |
    > 67 |     expect(response.status).toBe(201);
         |                             ^
      68 |     expect(response.body.id).toBeGreaterThan(0);
      69 |   });
      70 |

      at Object.<anonymous> (tests/promptAPI.test.js:67:29)

  鈼?Prompt Management API 鈥?PUT /api/admin/prompts/:id 搴旇鏇存柊鎻愮ず璇?
    expect(received).toBe(expected) // Object.is equality

    Expected: 200
    Received: 500

      85 |       });
      86 |
    > 87 |     expect(response.status).toBe(200);
         |                             ^
      88 |     
      89 |     const updated = Prompt.findById(db, id);
      90 |     expect(updated.name).toBe('鏂板悕');

      at Object.<anonymous> (tests/promptAPI.test.js:87:29)

  鈼?Prompt Management API 鈥?PUT /api/admin/prompts/:id/activate 搴旇璁剧疆婵€娲荤増鏈?
    SqliteError: UNIQUE constraint failed: prompts.name, prompts.version

      13 |     `);
      14 |
    > 15 |     const result = stmt.run(
         |                         ^
      16 |       data.name,
      17 |       data.version,
      18 |       data.tag,

      at Object.run [as create] (models/Prompt.js:15:25)
      at Object.<anonymous> (tests/promptAPI.test.js:94:24)

FAIL tests/AuditLog.test.js
  AuditLog Model
    鈭?搴旇鑳藉垱寤哄璁℃棩蹇?(20 ms)
    鈭?搴旇鑳芥煡璇㈡墍鏈夊璁℃棩蹇?(32 ms)
    鈭?搴旇鏀寔鍒嗛〉鏌ヨ (61 ms)
    鈭?搴旇鑳芥寜妯″瀷绛涢€?(34 ms)
    鈭?搴旇鑳芥寜鎴愬姛鐘舵€佺瓫閫?(30 ms)
    鈭?搴旇鑳借幏鍙栫粺璁′俊鎭?(38 ms)
    脳 搴旇鑳藉叧鑱旀彁绀鸿瘝 (11 ms)

  鈼?AuditLog Model 鈥?搴旇鑳藉叧鑱旀彁绀鸿瘝

    UNIQUE constraint failed: prompts.name, prompts.version


FAIL tests/Prompt.test.js
  Prompt Model
    脳 搴旇鑳藉垱寤烘柊鎻愮ず璇?(8 ms)
    脳 搴旇鑳芥煡璇㈡墍鏈夋彁绀鸿瘝 (2 ms)
    脳 搴旇鑳芥寜鏍囩鏌ヨ鎻愮ず璇?(1 ms)
    脳 搴旇鑳借幏鍙栨縺娲荤殑鎻愮ず璇?(1 ms)
    脳 搴旇鑳借缃縺娲荤増鏈紙鍚屾椂鍙栨秷鍏朵粬锛?(1 ms)
    脳 搴旇鑳芥洿鏂版彁绀鸿瘝 (14 ms)
    鈭?搴旇鑳藉垹闄ゆ彁绀鸿瘝 (22 ms)

  鈼?Prompt Model 鈥?搴旇鑳藉垱寤烘柊鎻愮ず璇?
    UNIQUE constraint failed: prompts.name, prompts.version


  鈼?Prompt Model 鈥?搴旇鑳芥煡璇㈡墍鏈夋彁绀鸿瘝

    UNIQUE constraint failed: prompts.name, prompts.version


  鈼?Prompt Model 鈥?搴旇鑳芥寜鏍囩鏌ヨ鎻愮ず璇?
    UNIQUE constraint failed: prompts.name, prompts.version


  鈼?Prompt Model 鈥?搴旇鑳借幏鍙栨縺娲荤殑鎻愮ず璇?
    UNIQUE constraint failed: prompts.name, prompts.version


  鈼?Prompt Model 鈥?搴旇鑳借缃縺娲荤増鏈紙鍚屾椂鍙栨秷鍏朵粬锛?
    UNIQUE constraint failed: prompts.name, prompts.version


  鈼?Prompt Model 鈥?搴旇鑳芥洿鏂版彁绀鸿瘝

    UNIQUE constraint failed: prompts.name, prompts.version


  console.log
    [dotenv@17.2.3] injecting env (5) from ..\.env -- tip: 馃攼 encrypt with Dotenvx: https://dotenvx.com

      at _log (node_modules/dotenv/lib/main.js:142:11)

  console.error
    鉂?[SupabaseAuditLog] 鍐欏叆澶辫触: {
      code: '42501',
      details: null,
      hint: null,
      message: 'new row violates row-level security policy for table "audit_logs"'
    }

      44 |
      45 |       if (error) {
    > 46 |         console.error('鉂?[SupabaseAuditLog] 鍐欏叆澶辫触:', error);
         |                 ^
      47 |         return null;
      48 |       }
      49 |

      at Object.error [as create] (models/SupabaseAuditLog.js:46:17)
      at Object.<anonymous> (tests/SupabaseAuditLog.test.js:12:20)

  console.error
    鉂?[SupabaseAuditLog] 鏌ヨ澶辫触: {
      code: '22P02',
      details: null,
      hint: null,
      message: 'invalid input syntax for type uuid: "test-user-id"'
    }

      85 |
      86 |       if (error) {
    > 87 |         console.error('鉂?[SupabaseAuditLog] 鏌ヨ澶辫触:', error);
         |                 ^
      88 |         return [];
      89 |       }
      90 |

      at Object.error [as findByUserId] (models/SupabaseAuditLog.js:87:17)
      at Object.<anonymous> (tests/SupabaseAuditLog.test.js:25:20)

  console.error
    鉂?[SupabaseAuditLog] 鎵归噺鎻掑叆澶辫触: {
      code: 'PGRST204',
      details: null,
      hint: null,
      message: "Could not find the 'durationMs' column of 'audit_logs' in the schema cache"
    }

      114 |
      115 |       if (error) {
    > 116 |         console.error('鉂?[SupabaseAuditLog] 鎵归噺鎻掑叆澶辫触:', error);
          |                 ^
      117 |         return 0;
      118 |       }
      119 |

      at Object.error [as batchInsert] (models/SupabaseAuditLog.js:116:17)
      at Object.<anonymous> (tests/SupabaseAuditLog.test.js:31:20)

PASS tests/SupabaseAuditLog.test.js
  SupabaseAuditLog Model
    鈭?create 鍦ㄦ病鏈?Supabase 閰嶇疆鏃跺簲璇ヨ繑鍥?null (1199 ms)
    鈭?findByUserId 鍦ㄦ病鏈?Supabase 閰嶇疆鏃跺簲璇ヨ繑鍥炵┖鏁扮粍 (368 ms)
    鈭?batchInsert 鍦ㄦ病鏈?Supabase 閰嶇疆鏃跺簲璇ヨ繑鍥?0 (367 ms)

PASS tests/Settings.test.js
  Settings Model
    鈭?搴旇鑳借幏鍙栭厤缃€?(6 ms)
    鈭?搴旇鑳借幏鍙栨墍鏈夐厤缃?(5 ms)
    鈭?搴旇鑳芥洿鏂伴厤缃€?(12 ms)
    鈭?搴旇鑳芥壒閲忔洿鏂伴厤缃?(21 ms)
    鈭?搴旇鍦ㄦ洿鏂版椂鑷姩鏇存柊 updated_at (1045 ms)
    鈭?鑾峰彇涓嶅瓨鍦ㄧ殑key搴旇杩斿洖null (11 ms)
    鈭?搴旇鑳借幏鍙栭厤缃殑鍏冩暟鎹?(1 ms)

  console.log
    [dotenv@17.2.3] injecting env (5) from ..\.env -- tip: 馃攧 add secrets lifecycle management: https://dotenvx.com/ops

      at _log (node_modules/dotenv/lib/main.js:142:11)

  console.log
    [dotenv@17.2.3] injecting env (0) from ..\.env -- tip: 馃梻锔?backup and recover secrets: https://dotenvx.com/ops

      at _log (node_modules/dotenv/lib/main.js:142:11)

  console.log
    
    馃幆 ===== 鏀跺埌鏂扮殑璧峰悕璇锋眰 =====

      at log (server.js:53:11)

  console.log
    馃懁 鐢ㄦ埛 ID: anonymous

      at log (server.js:54:11)

  console.log
    馃摑 鐢ㄦ埛杈撳叆:

      at log (server.js:55:11)

  console.log
    馃 浣跨敤妯″瀷: anthropic/claude-3.5-sonnet (榛樿)

      at log (server.js:56:11)

  console.log
    鈴?璇锋眰鏃堕棿: 2025/11/15 23:17:15

      at log (server.js:57:11)

  console.log
    鉂?閿欒: 鐢ㄦ埛杈撳叆涓虹┖

      at log (server.js:61:13)

  console.log
    
    馃幆 ===== 鏀跺埌鏂扮殑璧峰悕璇锋眰 =====

      at log (server.js:53:11)

  console.log
    馃懁 鐢ㄦ埛 ID: anonymous

      at log (server.js:54:11)

  console.log
    馃摑 鐢ㄦ埛杈撳叆: undefined

      at log (server.js:55:11)

  console.log
    馃 浣跨敤妯″瀷: anthropic/claude-3.5-sonnet (榛樿)

      at log (server.js:56:11)

  console.log
    鈴?璇锋眰鏃堕棿: 2025/11/15 23:17:15

      at log (server.js:57:11)

  console.log
    鉂?閿欒: 鐢ㄦ埛杈撳叆涓虹┖

      at log (server.js:61:13)

PASS tests/api.test.js
  API Endpoints
    鈭?Health check 搴旇杩斿洖 200 (15 ms)
    鈭?POST /api/generate-names 搴旇鎷掔粷绌虹殑context (46 ms)
    鈭?POST /api/generate-names 搴旇鎷掔粷缂哄皯context (17 ms)

  console.log
    [dotenv@17.2.3] injecting env (5) from ..\.env -- tip: 馃攼 encrypt with Dotenvx: https://dotenvx.com

      at _log (node_modules/dotenv/lib/main.js:142:11)

  console.log
    [dotenv@17.2.3] injecting env (0) from ..\.env -- tip: 馃攽 add access controls to secrets: https://dotenvx.com/ops

      at _log (node_modules/dotenv/lib/main.js:142:11)

  console.log
    鍒涘缓鐨勫璁℃棩蹇?ID: 1150

      at Object.<anonymous> (tests/auditAPI.test.js:33:13)

  console.log
    鐩存帴鏌ヨ鐨勬棩蹇? {
      id: 1150,
      timestamp: '2025-11-15 15:17:15',
      model: 'test',
      prompt_id: null,
      user_input: '娴嬭瘯',
      system_prompt: '鎻愮ず',
      raw_output: '杈撳嚭',
      tokens_prompt: null,
      tokens_completion: null,
      tokens_total: null,
      cost_usd: null,
      duration_ms: 1000,
      success: 1,
      error: null,
      workflow_type: 'generation',
      step_name: null,
      names_count: null,
      user_id: null
    }

      at Object.<anonymous> (tests/auditAPI.test.js:37:13)

  console.log
    API杩斿洖: {
      logs: [
        {
          id: 1150,
          timestamp: '2025-11-15 15:17:15',
          model: 'test',
          prompt_id: null,
          user_input: '娴嬭瘯',
          system_prompt: '鎻愮ず',
          raw_output: '杈撳嚭',
          tokens_prompt: null,
          tokens_completion: null,
          tokens_total: null,
          cost_usd: null,
          duration_ms: 1000,
          success: 1,
          error: null,
          workflow_type: 'generation',
          step_name: null,
          names_count: null,
          user_id: null
        }
      ]
    }

      at Object.<anonymous> (tests/auditAPI.test.js:41:13)

PASS tests/auditAPI.test.js
  Audit API
    鈭?GET /api/admin/audit 搴旇杩斿洖瀹¤鏃ュ織 (39 ms)
    鈭?GET /api/admin/audit 搴旇鏀寔鍒嗛〉 (68 ms)
    鈭?GET /api/admin/audit 搴旇鏀寔鎸夋ā鍨嬬瓫閫?(35 ms)
    鈭?GET /api/admin/audit/stats 搴旇杩斿洖缁熻淇℃伅 (35 ms)
    鈭?GET /api/admin/audit/:id 搴旇杩斿洖鍗曟潯鏃ュ織璇︽儏 (25 ms)
    鈭?DELETE /api/admin/audit 搴旇娓呯┖鎵€鏈夋棩蹇?(33 ms)

PASS tests/AuditLogExtended.test.js
  AuditLog Model - Narrow Down 鎵╁睍
    鈭?搴旇鑳藉垱寤哄甫 workflow_type 鐨勫璁℃棩蹇?(18 ms)
    鈭?榛樿 workflow_type 搴旇鏄?generation (19 ms)
    鈭?搴旇鑳芥寜 workflow_type 绛涢€?(39 ms)
    鈭?搴旇鑳芥寜 step_name 绛涢€?(28 ms)
    鈭?缁熻淇℃伅搴旇鍖呭惈 narrow_down 鐨勬暟鎹?(30 ms)

  console.log
    馃幆 list_names 浣跨敤妯″瀷: test-model

      at NarrowDownOrchestrator.step1_listNames (orchestrators/NarrowDownOrchestrator.js:138:13)

  console.log
    馃幆 list_names 浣跨敤妯″瀷: test-model

      at NarrowDownOrchestrator.step1_listNames (orchestrators/NarrowDownOrchestrator.js:138:13)

PASS tests/NarrowDownOrchestrator.test.js
  NarrowDownOrchestrator
    鈭?搴旇姝ｇ‘鍒濆鍖?(30 ms)
    鈭?extractJSON 搴旇鑳芥彁鍙?markdown 鍖呰９鐨?JSON (2 ms)
    鈭?extractJSON 搴旇鑳界洿鎺ヨВ鏋?JSON (1 ms)
    鈭?callAPI 搴旇鑳芥眹鎬绘祦寮忓搷搴斿苟杩斿洖usage (3 ms)
    鈭?step1_listNames 搴旇鍦ㄥ悕瀛楄秴闄愭椂鎶涘嚭閿欒 (47 ms)
    鈭?step1_listNames 搴旇姝ｇ‘瑙ｆ瀽鍚嶅瓧鍒楄〃 (39 ms)

PASS tests/promptUtils.test.js
  replacePromptVariables
    鈭?搴旇鏇挎崲鍗曚釜鍙橀噺 (7 ms)
    鈭?搴旇鏇挎崲澶氫釜鍙橀噺 (2 ms)
    鈭?搴旇澶勭悊瀵硅薄鍙橀噺锛堣浆涓篔SON锛?(2 ms)
    鈭?搴旇澶勭悊鏁扮粍鍙橀噺锛堣浆涓篔SON锛?(1 ms)
    鈭?搴旇鏇挎崲鍚屼竴鍙橀噺鐨勫娆″嚭鐜?(2 ms)
    鈭?搴旇澶勭悊涓嶅瓨鍦ㄧ殑鍗犱綅绗︼紙淇濇寔涓嶅彉锛?(2 ms)
    鈭?搴旇澶勭悊绌哄璞?(1 ms)
    鈭?搴旇澶勭悊null鍜寀ndefined鍊?(2 ms)
  parallelAPICall
    鈭?搴旇骞跺彂鎵ц鎵€鏈変换鍔?(33 ms)
    鈭?搴旇闄愬埗骞跺彂鏁?(74 ms)
    鈭?搴旇杩斿洖鎵€鏈夌粨鏋滐紙淇濇寔椤哄簭锛?(44 ms)
    鈭?搴旇澶勭悊浠诲姟閿欒 (4 ms)
    鈭?榛樿骞跺彂鏁板簲璇ユ槸5 (1 ms)

PASS tests/promptGenerator.test.js
  Prompt Generator
    鈭?搴旇姝ｇ‘娉ㄥ叆鐢ㄦ埛context (3 ms)
    鈭?搴旇鍖呭惈瀹屾暣鐨勬彁绀鸿瘝缁撴瀯 (1 ms)
    鈭?搴旇澶勭悊绌鸿緭鍏?(9 ms)

PASS tests/openrouter.test.js
  OpenRouterClient
    鈭?搴旇姝ｇ‘鍒濆鍖栧鎴风 (4 ms)
    鈭?搴旇鎶涘嚭閿欒濡傛灉娌℃湁鎻愪緵API瀵嗛挜 (10 ms)
    鈭?搴旇鏈?generateNames 鏂规硶 (1 ms)

PASS tests/User.test.js
  User Model
    鈭?findOrCreate 搴旇鍒涘缓鏂扮敤鎴?(10 ms)
    鈭?findOrCreate 搴旇杩斿洖宸插瓨鍦ㄧ殑鐢ㄦ埛 (2 ms)
    鈭?findByUserId 搴旇鏌ユ壘鐢ㄦ埛 (1 ms)
    鈭?findByUserId 瀵逛笉瀛樺湪鐨勭敤鎴疯繑鍥?null (2 ms)
    鈭?update 搴旇鏇存柊鐢ㄦ埛淇℃伅 (1 ms)
    鈭?getActivities 搴旇鑾峰彇鐢ㄦ埛鐨勬椿鍔ㄥ巻鍙?(1 ms)
    鈭?getActivities 搴旇鏀寔鎸夌被鍨嬬瓫閫?(3 ms)
    鈭?getActivityStats 搴旇缁熻鐢ㄦ埛娲诲姩 (4 ms)

--------------------------|---------|----------|---------|---------|--------------------------------------------
File                      | % Stmts | % Branch | % Funcs | % Lines | Uncovered Line #s                          
--------------------------|---------|----------|---------|---------|--------------------------------------------
All files                 |   39.64 |    45.06 |   55.22 |   39.92 |                                            
 backend                  |   24.21 |    19.35 |      50 |   24.21 |                                            
  openrouter.js           |    23.8 |    27.27 |   33.33 |    23.8 | 33-88                                      
  server.js               |   24.29 |    17.64 |   66.66 |   24.29 | 66-231,237-241                             
 backend/controllers      |   19.31 |    15.62 |   26.92 |   19.56 |                                            
  auditController.js      |   68.96 |       80 |     100 |   68.96 | 27-28,41,46-47,62-63,77-78                 
  narrowDownController.js |    1.56 |        0 |       0 |    1.56 | 13-134                                     
  promptController.js     |   35.38 |    38.88 |   42.85 |   35.38 | 12-56,69,84,102,107,118-138,153,161-162    
  settingsController.js   |    4.76 |      100 |       0 |    4.76 | 12-52                                      
  userController.js       |       0 |        0 |       0 |       0 | 13-166                                     
 backend/models           |   72.25 |    74.64 |   76.47 |   72.63 |                                            
  AuditLog.js             |   86.04 |    91.11 |   85.71 |   86.04 | 68-69,73-74,155-156                        
  Prompt.js               |   54.54 |    54.54 |   44.44 |   54.54 | 31-32,47-73,88-89,92-93,100-101,104-105    
  Settings.js             |   78.94 |       60 |      75 |   78.94 | 67-79                                      
  SupabaseAuditLog.js     |      55 |    71.73 |     100 |      55 | 16-17,50-54,66-67,81,91-94,105-106,120-124 
  User.js                 |   88.88 |    70.83 |     100 |    90.9 | 55-56,63-64                                
 backend/prompts          |     100 |      100 |     100 |     100 |                                            
  generator.js            |     100 |      100 |     100 |     100 |                                            
--------------------------|---------|----------|---------|---------|--------------------------------------------
Test Suites: 3 failed, 10 passed, 13 total
Tests:       12 failed, 65 passed, 77 total
Snapshots:   0 total
Time:        8.021 s
Ran all test suites.
